// Jest Snapshot v1, https://goo.gl/fbAQLP

exports[`<TransactionItem /> snapshots should match snapshot 1`] = `
<RNCSafeAreaProvider
  onInsetsChange={[Function]}
  style={
    Array [
      Object {
        "flex": 1,
      },
      undefined,
    ]
  }
>
  <View
    style={
      Array [
        Object {
          "overflow": "visible",
        },
        Object {
          "display": "flex",
          "flexDirection": "row",
          "justifyContent": "space-between",
        },
      ]
    }
  >
    <View
      style={
        Array [
          Object {
            "backgroundColor": "#FFF",
            "borderRadius": 15,
            "display": "flex",
            "flexGrow": 1,
            "overflow": "hidden",
            "paddingBottom": 15,
            "paddingLeft": 15,
            "paddingRight": 15,
            "paddingTop": 15,
          },
          Object {
            "display": "flex",
            "flexDirection": "row",
            "justifyContent": "space-between",
          },
        ]
      }
    >
      <View
        style={
          Array [
            Object {
              "alignItems": "center",
              "flexDirection": "row",
            },
          ]
        }
      >
        <ViewManagerAdapter_ExpoLinearGradient
          proxiedProperties={
            Object {
              "colors": Array [
                4294944422,
                4294011498,
              ],
              "endPoint": undefined,
              "locations": undefined,
              "startPoint": undefined,
            }
          }
          style={
            Array [
              Object {
                "alignItems": "center",
                "borderRadius": 25,
                "height": 50,
                "justifyContent": "center",
                "marginRight": 10,
                "width": 50,
              },
            ]
          }
        >
          <Text />
        </ViewManagerAdapter_ExpoLinearGradient>
        <Text
          style={
            Array [
              Object {
                "color": "#3e3e3e",
                "fontSize": 16,
              },
              Object {
                "fontWeight": "bold",
              },
            ]
          }
          text="Food"
        >
          Food
        </Text>
      </View>
      <View
        style={
          Array [
            Object {
              "alignItems": "flex-end",
              "justifyContent": "space-around",
            },
          ]
        }
      >
        <Text
          style={
            Array [
              Object {
                "color": "#3e3e3e",
                "fontSize": 16,
              },
              Object {
                "fontWeight": "500",
              },
            ]
          }
          text="$21.4"
        >
          $21.4
        </Text>
        <Text
          style={
            Array [
              Object {
                "color": "#3e3e3e",
                "fontSize": 16,
              },
              Object {
                "color": "#b0b0b0",
              },
            ]
          }
          text="Yesterday"
        >
          Yesterday
        </Text>
      </View>
    </View>
  </View>
</RNCSafeAreaProvider>
`;
